// Jest Snapshot v1, https://goo.gl/fbAQLP

exports[`renders correctly 1`] = `
<div
  className="app"
>
  <div
    className="days"
  >
    <div
      className="day"
    >
      <div
        className="dayname"
        onClick={[Function]}
      >
        Måndag
      </div>
      <div
        className="todo"
      >
        <div
          className="list"
        />
        <input
          onChange={[Function]}
          onKeyPressCapture={[Function]}
          value=""
        />
      </div>
    </div>
    <div
      className="day"
    >
      <div
        className="dayname"
        onClick={[Function]}
      >
        Tisdag
      </div>
      <div
        className="todo"
      >
        <div
          className="list"
        />
        <input
          onChange={[Function]}
          onKeyPressCapture={[Function]}
          value=""
        />
      </div>
    </div>
    <div
      className="day"
    >
      <div
        className="dayname"
        onClick={[Function]}
      >
        Onsdag
      </div>
      <div
        className="todo"
      >
        <div
          className="list"
        />
        <input
          onChange={[Function]}
          onKeyPressCapture={[Function]}
          value=""
        />
      </div>
    </div>
    <div
      className="day"
    >
      <div
        className="dayname"
        onClick={[Function]}
      >
        Torsdag
      </div>
      <div
        className="todo"
      >
        <div
          className="list"
        />
        <input
          onChange={[Function]}
          onKeyPressCapture={[Function]}
          value=""
        />
      </div>
    </div>
    <div
      className="day"
    >
      <div
        className="dayname"
        onClick={[Function]}
      >
        Fredag
      </div>
      <div
        className="todo"
      >
        <div
          className="list"
        />
        <input
          onChange={[Function]}
          onKeyPressCapture={[Function]}
          value=""
        />
      </div>
    </div>
    <div
      className="day"
    >
      <div
        className="dayname"
        onClick={[Function]}
      >
        Lördag
      </div>
      <div
        className="todo"
      >
        <div
          className="list"
        />
        <input
          onChange={[Function]}
          onKeyPressCapture={[Function]}
          value=""
        />
      </div>
    </div>
    <div
      className="day"
    >
      <div
        className="dayname"
        onClick={[Function]}
      >
        Söndag
      </div>
      <div
        className="todo"
      >
        <div
          className="list"
        />
        <input
          onChange={[Function]}
          onKeyPressCapture={[Function]}
          value=""
        />
      </div>
    </div>
  </div>
  <div
    className="currentweek"
  >
    <div
      className="weekbutton"
      onClick={[Function]}
    >
      ‹
    </div>
    <div
      className="weeknr"
    >
      Vecka 
      42
    </div>
    <div
      className="weekbutton"
      onClick={[Function]}
    >
      ›
    </div>
  </div>
</div>
`;

exports[`renders correctly firstweek 1`] = `
<div
  className="app"
>
  <div
    className="days"
  >
    <div
      className="day"
    >
      <div
        className="dayname"
        onClick={[Function]}
      >
        Måndag
      </div>
      <div
        className="todo"
      >
        <div
          className="list"
        />
        <input
          onChange={[Function]}
          onKeyPressCapture={[Function]}
          value=""
        />
      </div>
    </div>
    <div
      className="day"
    >
      <div
        className="dayname"
        onClick={[Function]}
      >
        Tisdag
      </div>
      <div
        className="todo"
      >
        <div
          className="list"
        />
        <input
          onChange={[Function]}
          onKeyPressCapture={[Function]}
          value=""
        />
      </div>
    </div>
    <div
      className="day"
    >
      <div
        className="dayname"
        onClick={[Function]}
      >
        Onsdag
      </div>
      <div
        className="todo"
      >
        <div
          className="list"
        />
        <input
          onChange={[Function]}
          onKeyPressCapture={[Function]}
          value=""
        />
      </div>
    </div>
    <div
      className="day"
    >
      <div
        className="dayname"
        onClick={[Function]}
      >
        Torsdag
      </div>
      <div
        className="todo"
      >
        <div
          className="list"
        />
        <input
          onChange={[Function]}
          onKeyPressCapture={[Function]}
          value=""
        />
      </div>
    </div>
    <div
      className="day"
    >
      <div
        className="dayname"
        onClick={[Function]}
      >
        Fredag
      </div>
      <div
        className="todo"
      >
        <div
          className="list"
        />
        <input
          onChange={[Function]}
          onKeyPressCapture={[Function]}
          value=""
        />
      </div>
    </div>
    <div
      className="day"
    >
      <div
        className="dayname"
        onClick={[Function]}
      >
        Lördag
      </div>
      <div
        className="todo"
      >
        <div
          className="list"
        />
        <input
          onChange={[Function]}
          onKeyPressCapture={[Function]}
          value=""
        />
      </div>
    </div>
    <div
      className="day"
    >
      <div
        className="dayname"
        onClick={[Function]}
      >
        Söndag
      </div>
      <div
        className="todo"
      >
        <div
          className="list"
        />
        <input
          onChange={[Function]}
          onKeyPressCapture={[Function]}
          value=""
        />
      </div>
    </div>
  </div>
  <div
    className="currentweek"
  >
    <div
      className="weekbutton"
      onClick={[Function]}
    >
      ‹
    </div>
    <div
      className="weeknr"
    >
      Vecka 
      1
    </div>
    <div
      className="weekbutton"
      onClick={[Function]}
    >
      ›
    </div>
  </div>
</div>
`;

exports[`renders correctly lastweek 1`] = `
<div
  className="app"
>
  <div
    className="days"
  >
    <div
      className="day"
    >
      <div
        className="dayname"
        onClick={[Function]}
      >
        Måndag
      </div>
      <div
        className="todo"
      >
        <div
          className="list"
        />
        <input
          onChange={[Function]}
          onKeyPressCapture={[Function]}
          value=""
        />
      </div>
    </div>
    <div
      className="day"
    >
      <div
        className="dayname"
        onClick={[Function]}
      >
        Tisdag
      </div>
      <div
        className="todo"
      >
        <div
          className="list"
        />
        <input
          onChange={[Function]}
          onKeyPressCapture={[Function]}
          value=""
        />
      </div>
    </div>
    <div
      className="day"
    >
      <div
        className="dayname"
        onClick={[Function]}
      >
        Onsdag
      </div>
      <div
        className="todo"
      >
        <div
          className="list"
        />
        <input
          onChange={[Function]}
          onKeyPressCapture={[Function]}
          value=""
        />
      </div>
    </div>
    <div
      className="day"
    >
      <div
        className="dayname"
        onClick={[Function]}
      >
        Torsdag
      </div>
      <div
        className="todo"
      >
        <div
          className="list"
        />
        <input
          onChange={[Function]}
          onKeyPressCapture={[Function]}
          value=""
        />
      </div>
    </div>
    <div
      className="day"
    >
      <div
        className="dayname"
        onClick={[Function]}
      >
        Fredag
      </div>
      <div
        className="todo"
      >
        <div
          className="list"
        />
        <input
          onChange={[Function]}
          onKeyPressCapture={[Function]}
          value=""
        />
      </div>
    </div>
    <div
      className="day"
    >
      <div
        className="dayname"
        onClick={[Function]}
      >
        Lördag
      </div>
      <div
        className="todo"
      >
        <div
          className="list"
        />
        <input
          onChange={[Function]}
          onKeyPressCapture={[Function]}
          value=""
        />
      </div>
    </div>
    <div
      className="day"
    >
      <div
        className="dayname"
        onClick={[Function]}
      >
        Söndag
      </div>
      <div
        className="todo"
      >
        <div
          className="list"
        />
        <input
          onChange={[Function]}
          onKeyPressCapture={[Function]}
          value=""
        />
      </div>
    </div>
  </div>
  <div
    className="currentweek"
  >
    <div
      className="weekbutton"
      onClick={[Function]}
    >
      ‹
    </div>
    <div
      className="weeknr"
    >
      Vecka 
      52
    </div>
  </div>
</div>
`;
